// Vitest Snapshot v1, https://vitest.dev/guide/snapshot.html

exports[`provides raw tree data 1`] = `
{
  "tree": {
    "children": {
      "test": {
        "constructInfo": {
          "fqn": "constructs.Construct",
          "version": "10.3.0",
        },
        "display": {
          "description": "A cloud unit test.",
          "hidden": true,
          "title": "Test",
        },
        "id": "test",
        "path": "root/test",
      },
    },
    "constructInfo": {
      "fqn": "constructs.Construct",
      "version": "10.3.0",
    },
    "id": "root",
    "path": "root",
  },
  "version": "tree-0.1",
}
`;

exports[`run all tests > single test 1`] = `
[
  {
    "error": "Error: Resource "root/cloud.TestRunner" does not have permission to perform operation "invoke" on resource "root/test/Handler".",
    "pass": false,
    "path": "root/test",
    "traces": [],
  },
]
`;

exports[`run single test > happy path 1`] = `
{
  "error": "Error: Resource "root/cloud.TestRunner" does not have permission to perform operation "invoke" on resource "root/test/Handler".",
  "pass": false,
  "path": "root/test",
  "traces": [],
}
`;

exports[`run single test > test failure 1`] = `
{
  "error": "Error: Resource "root/cloud.TestRunner" does not have permission to perform operation "invoke" on resource "root/test/Handler".",
  "pass": false,
  "path": "root/test",
  "traces": [],
}
`;
