// Vitest Snapshot v1, https://vitest.dev/guide/snapshot.html

exports[`publishing messages to topic 1`] = `
[
  "root/TopicTester/MyTopic started",
  "root/TopicTester/MyTopic/OnMessage0 started",
  "root/TopicTester/MyTopic/Policy started",
  "root/TopicTester/MyTopic/OnMessage0/Policy started",
  "root/TopicTester/MyTopic/TopicEventMapping0 started",
  "root/TopicTester/Function started",
  "root/TopicTester/Function/Policy started",
  "Connecting to simulator at http://127.0.0.1:<port> with handle sim-0 and caller sim-5",
  "Publish (message=ABC).",
  "Sending message (message=ABC, subscriber=sim-1).",
  "InvokeAsync (payload="ABC").",
  "Invoke (payload="ABC").",
  "root/TopicTester/MyTopic/Policy stopped",
  "root/TopicTester/MyTopic/OnMessage0/Policy stopped",
  "root/TopicTester/MyTopic/TopicEventMapping0 stopped",
  "root/TopicTester/MyTopic/OnMessage0 stopped",
  "root/TopicTester/Function/Policy stopped",
  "root/TopicTester/Function stopped",
  "root/TopicTester/MyTopic stopped",
]
`;
